---
source: crates/sotf-plugins/tests/render_plan_snapshots.rs
expression: plan
---
{
  "plugin_type": "convolution",
  "width": 600.0,
  "design_language": "neutral",
  "corner_radius_md": 8.0,
  "min_touch_target": 32.0,
  "toggle_variant": "capsule",
  "label_position": "below",
  "orientation": "horizontal",
  "knob_size": "xs",
  "group_direction": "column",
  "slider_height": 120.0,
  "show_visualizations": false,
  "columns_visible": [
    "config",
    "main",
    "output"
  ],
  "columns_collapsed": [],
  "config_controls": [
    {
      "param_index": 0,
      "param_name": "IR File",
      "control_type": "file_picker",
      "unit": "",
      "range": null,
      "read_only": false
    }
  ],
  "main_groups": [],
  "output_controls": [
    {
      "param_index": 1,
      "param_name": "Mix",
      "control_type": "knob",
      "unit": "%",
      "range": [
        0.0,
        1.0
      ],
      "read_only": false
    },
    {
      "param_index": 2,
      "param_name": "Gain",
      "control_type": "knob",
      "unit": "dB",
      "range": [
        -20.0,
        20.0
      ],
      "read_only": false
    }
  ],
  "tabs": [],
  "viz_slots": [],
  "dynamic_sections": []
}
