---
source: crates/sotf-plugins/tests/render_plan_snapshots.rs
expression: plan
---
{
  "plugin_type": "ambisonics",
  "width": 390.0,
  "orientation": "vertical",
  "knob_size": "xs",
  "group_direction": "column",
  "slider_height": 120.0,
  "show_visualizations": false,
  "columns_visible": [
    "main"
  ],
  "columns_collapsed": [],
  "config_controls": [
    {
      "param_index": 0,
      "param_name": "Order",
      "control_type": "knob",
      "unit": "",
      "range": [
        1.0,
        3.0
      ],
      "read_only": false
    },
    {
      "param_index": 1,
      "param_name": "Target Layout",
      "control_type": "selector",
      "unit": "",
      "range": [
        0.0,
        7.0
      ],
      "read_only": false
    }
  ],
  "main_groups": [
    {
      "title": "",
      "controls": [
        {
          "param_index": 2,
          "param_name": "Max-rE",
          "control_type": "toggle",
          "unit": "",
          "range": [
            0.0,
            1.0
          ],
          "read_only": false
        },
        {
          "param_index": 3,
          "param_name": "Dual-Band",
          "control_type": "toggle",
          "unit": "",
          "range": [
            0.0,
            1.0
          ],
          "read_only": false
        }
      ]
    }
  ],
  "output_controls": [],
  "tabs": [],
  "viz_slots": [],
  "dynamic_sections": []
}
